EN flip1 NULL C:/Xilinx/Ejercicios_Replicas/FLIP1.vhd sub00/vhpl13 1657231727
EN ejemplogen NULL C:/Xilinx/Ejercicios_Replicas/ejemplogen.vhd sub00/vhpl27 1657249484
AR cont arq_cont C:/Xilinx/Ejercicios_Replicas/cont.vhd sub00/vhpl20 1657236147
AR diag arq_diag C:/Xilinx/Ejercicios_Replicas/diag.vhd sub00/vhpl32 1657253759
EN registro2 NULL C:/Xilinx/Ejercicios_Replicas/registro2.vhd sub00/vhpl09 1657144533
AR flip behavioral C:/Xilinx/Ejercicios_Replicas/FLIP.vhd sub00/vhpl06 1657142497
AR contador4 a_contador C:/Xilinx/Ejercicios_Replicas/contador4.vhd sub00/vhpl22 1657237021
AR cont1 arq_cont1 C:/Xilinx/Ejercicios_Replicas/cont1.vhd sub00/vhpl26 1657239172
AR ejemplogen pins C:/Xilinx/Ejercicios_Replicas/ejemplogen.vhd sub00/vhpl28 1657249485
EN flip NULL C:/Xilinx/Ejercicios_Replicas/FLIP.vhd sub00/vhpl05 1657142496
EN ffd NULL C:/Xilinx/Ejercicios_Replicas/ffd.vhd sub00/vhpl03 1657141573
AR contador pins C:/Xilinx/Ejercicios_Replicas/contador.vhd sub00/vhpl16 1657234056
AR contador3 modulo C:/Xilinx/Ejercicios_Replicas/contador3.vhd sub00/vhpl18 1657501795
EN diag NULL C:/Xilinx/Ejercicios_Replicas/diag.vhd sub00/vhpl31 1657253758
AR reg arqreg C:/Xilinx/Ejercicios_Replicas/reg.vhd sub00/vhpl11 1657144882
EN contador3 NULL C:/Xilinx/Ejercicios_Replicas/contador3.vhd sub00/vhpl17 1657501794
EN contador4 NULL C:/Xilinx/Ejercicios_Replicas/contador4.vhd sub00/vhpl21 1657237020
EN contador5 NULL C:/Xilinx/Ejercicios_Replicas/contador5.vhd sub00/vhpl23 1657237664
AR diagrama arq_diagrama C:/Xilinx/Ejercicios_Replicas/diagrama.vhd sub00/vhpl30 1657251426
AR latch ejemplo C:/Xilinx/Ejercicios_Replicas/latch.vhd sub00/vhpl01 1657140820
EN latch NULL C:/Xilinx/Ejercicios_Replicas/latch.vhd sub00/vhpl00 1657140819
EN latch1 NULL C:/Xilinx/Ejercicios_Replicas/latch1.vhd sub00/vhpl02 1657141269
EN diagrama NULL C:/Xilinx/Ejercicios_Replicas/diagrama.vhd sub00/vhpl29 1657251425
AR ffd arq_ffd C:/Xilinx/Ejercicios_Replicas/ffd.vhd sub00/vhpl04 1657141574
EN ffsr NULL C:/Xilinx/Ejercicios_Replicas/ffsr.vhd sub00/vhpl07 1657143506
EN reg4 NULL C:/Xilinx/Ejercicios_Replicas/reg4.vhd sub00/vhpl12 1657230321
EN contador NULL C:/Xilinx/Ejercicios_Replicas/contador.vhd sub00/vhpl14 1657234237
EN reg NULL C:/Xilinx/Ejercicios_Replicas/reg.vhd sub00/vhpl10 1657144881
EN cont NULL C:/Xilinx/Ejercicios_Replicas/cont.vhd sub00/vhpl19 1657236146
AR contador cuenta C:/Xilinx/Ejercicios_Replicas/contador.vhd sub00/vhpl15 1657234238
EN registro NULL C:/Xilinx/Ejercicios_Replicas/registro.vhd sub00/vhpl08 1657144424
EN cont1 NULL C:/Xilinx/Ejercicios_Replicas/cont1.vhd sub00/vhpl25 1657239171
AR contador5 modulo C:/Xilinx/Ejercicios_Replicas/contador5.vhd sub00/vhpl24 1657237665
